Microchip MPLAB XC8 Compiler V2.41

Linker command line:

-W-3 \
  --edf=C:\Program Files\Microchip\xc8\v2.41\pic\dat\20230208172133_en.msgs \
  -cn -h+dist/default/production\PWM_TMR2_18F45K20.X.production.sym \
  --cmf=dist/default/production\PWM_TMR2_18F45K20.X.production.cmf -z \
  -Q18F45K20 -oC:\Users\juand\AppData\Local\Temp\xcAs5rk.\driver_tmp_3.o \
  --defsym=__MPLAB_BUILD=1 --fixupoverflow=error \
  -Mdist/default/production/PWM_TMR2_18F45K20.X.production.map \
  --md=C:\Users\juand\AppData\Local\Temp\xcAs5rk.\driver_tmp_0.dat -E1 \
  -ver=XC8 Compiler --acfsm=1493 -ACODE=00h-07FFFh -ACONST=00h-07FFFh \
  -ASMALLCONST=0600h-06FFhx122 -AMEDIUMCONST=0600h-07FFFh -ACOMRAM=01h-05Fh \
  -AABS1=00h-05FFh -ABIGRAM=01h-05FFh -ARAM=060h-0FFh,0100h-01FFhx5 \
  -ABANK0=060h-0FFh -ABANK1=0100h-01FFh -ABANK2=0200h-02FFh \
  -ABANK3=0300h-03FFh -ABANK4=0400h-04FFh -ABANK5=0500h-05FFh \
  -ASFR=0F60h-0FFFh -ABIGSFR=0F60h-0FFFh -ACONFIG=0300000h-030000Dh \
  -AIDLOC=0200000h-0200007h -AEEDATA=0F00000h-0F000FFh -peeprom_data=EEDATA \
  -preset_vec=00h,intcode=08h,intcodelo,powerup,init -pramtop=0600h \
  -psmallconst=SMALLCONST -pmediumconst=MEDIUMCONST -pconst=CONST \
  -AFARRAM=00h-00h \
  -prdata=COMRAM,nvrram=COMRAM,nvbit=COMRAM,rbss=COMRAM,rbit=COMRAM \
  -pfarbss=FARRAM,fardata=FARRAM,nvFARRAM=FARRAM \
  -pintsave_regs=BIGRAM,bigbss=BIGRAM,bigdata=BIGRAM -pbss=RAM \
  -pidata=CODE,irdata=CODE,ibigdata=CODE,ifardata=CODE -prparam=COMRAM \
  C:\Users\juand\AppData\Local\Temp\xcAs5rk.\driver_tmp_9.o \
  dist/default/production\PWM_TMR2_18F45K20.X.production.o 

Object code version is 3.11

Machine type is 18F45K20



                Name                               Link     Load   Length Selector   Space Scale
C:\Users\juand\AppData\Local\Temp\xcAs5rk.\driver_tmp_9.o
                idloc                            200000   200000        8        0       5
                config                           300000   300000        E        0       4
                init                                 AE       AE        4        4       0
                reset_vec                             0        0        4        0       0
dist/default/production\PWM_TMR2_18F45K20.X.production.o
                intcode                               8        8       A6        4       0
                idloc                            200000   200000        8        0       5
                config                           300000   300000        E        0       4
                temp                                  3        3        1        1       1
                text6                                C8       C8       14        4       0
                text5                               114      114        6        4       0
                text4                               104      104        A        4       0
                text3                               10E      10E        6        4       0
                text2                                EA       EA        E        4       0
                text1                                B2       B2       16        4       0
                text0                                F8       F8        C        4       0
                bssCOMRAM                             1        1        2        1       1
                cinit                                DC       DC        E        4       0

TOTAL           Name                               Link     Load   Length     Space
        CLASS   CODE           
                intcode                               8        8       A6         0
                init                                 AE       AE        4         0
                reset_vec                             0        0        4         0
                text6                                C8       C8       14         0
                text5                               114      114        6         0
                text4                               104      104        A         0
                text3                               10E      10E        6         0
                text2                                EA       EA        E         0
                text1                                B2       B2       16         0
                text0                                F8       F8        C         0
                cinit                                DC       DC        E         0

        CLASS   CONST          

        CLASS   SMALLCONST     

        CLASS   MEDIUMCONST    

        CLASS   COMRAM         
                temp                                  3        3        1         1
                bssCOMRAM                             1        1        2         1

        CLASS   ABS1           

        CLASS   BIGRAM         

        CLASS   RAM            

        CLASS   BANK0          

        CLASS   BANK1          

        CLASS   BANK2          

        CLASS   BANK3          

        CLASS   BANK4          

        CLASS   BANK5          

        CLASS   SFR            

        CLASS   BIGSFR         

        CLASS   CONFIG         
                config                           300000   300000        E         4

        CLASS   IDLOC          
                idloc                            200000   200000        8         5

        CLASS   EEDATA         

        CLASS   FARRAM         

        CLASS   HEAP           

        CLASS   STACK          



SEGMENTS        Name                           Load    Length   Top    Selector   Space  Class

                reset_vec                      000000  000004  000004         0       0  CODE    
                bssCOMRAM                      000001  000003  000004         1       1  COMRAM  
                intcode                        000008  000112  00011A         4       0  CODE    


UNUSED ADDRESS RANGES

        Name                Unused          Largest block    Delta
        BANK0            000060-0000FF               A0
        BANK1            000100-0001FF              100
        BANK2            000200-0002FF              100
        BANK3            000300-0003FF              100
        BANK4            000400-0004FF              100
        BANK5            000500-0005FF              100
        BIGRAM           000004-0005FF              5FC
        BIGSFR           000F60-000FFF               A0
        CODE             000004-000007                4
                         00011A-007FFF             7EE6
        COMRAM           000004-00005F               5C
        CONST            000004-000007                4
                         00011A-007FFF             7EE6
        EEDATA           F00000-F000FF              100
        MEDIUMCONST      000600-007FFF             7A00
        RAM              000060-0005FF              100
        SFR              000F60-000FFF               A0
        SMALLCONST       000600-007FFF              100

                                  Symbol Table

_CCP1CON                 (abs)        000FBD
_CCPR1L                  (abs)        000FBE
_Contador                bssCOMRAM    000001
_H_ISR                   intcode      000008
_INTCONbits              (abs)        000FF2
_IPR1bits                (abs)        000F9F
_LATC                    (abs)        000F8B
_LATCbits                (abs)        000F8B
_OSCCON                  (abs)        000FD3
_PIE1bits                (abs)        000F9D
_PIR1bits                (abs)        000F9E
_PR2                     (abs)        000FCB
_Setup                   text1        0000B2
_SetupINTTMR2            text6        0000C8
_SetupOscilador          text5        000114
_SetupPWM                text4        000104
_Setupint                text3        00010E
_Setupports              text2        0000EA
_T2CON                   (abs)        000FCA
_TMR2                    (abs)        000FCC
_TMR2IF                  (abs)        007CF1
_TRISC                   (abs)        000F94
_TRISCbits               (abs)        000F94
__HRAM                   (abs)        000000
__H__absolute__          __absolute__ 000000
__Habs1                  abs1         000000
__Hbank0                 bank0        000000
__Hbank1                 bank1        000000
__Hbank2                 bank2        000000
__Hbank3                 bank3        000000
__Hbank4                 bank4        000000
__Hbank5                 bank5        000000
__Hbigbss                bigbss       000000
__Hbigdata               bigdata      000000
__Hbigram                bigram       000000
__Hbigsfr                bigsfr       000000
__Hbss                   bss          000000
__HbssCOMRAM             bssCOMRAM    000000
__Hcinit                 cinit        000000
__Hclrtext               clrtext      000000
__Hcomram                comram       000000
__Hconfig                config       30000E
__Hconst                 const        000000
__HcstackCOMRAM          cstackCOMRAM 000000
__Hdata                  data         000000
__Heeprom_data           eeprom_data  000000
__Hfarbss                farbss       000000
__Hfardata               fardata      000000
__Hheap                  heap         000000
__Hibigdata              ibigdata     000000
__Hidata                 idata        000000
__Hidloc                 idloc        200008
__Hifardata              ifardata     000000
__Hinit                  init         0000B2
__Hintcode               intcode      0000AE
__Hintcode_body          intcode_body 000000
__Hintcodelo             intcodelo    0000AE
__Hintentry              intentry     000000
__Hintret                intret       000000
__Hintsave_regs          intsave_regs 000000
__Hirdata                irdata       000000
__Hmediumconst           mediumconst  000000
__HnvFARRAM              nvFARRAM     000000
__Hnvbit                 nvbit        000000
__Hnvrram                nvrram       000000
__Hparam                 rparam       000000
__Hpowerup               powerup      0000AE
__Hram                   ram          000000
__Hramtop                ramtop       000600
__Hrbit                  rbit         000000
__Hrbss                  rbss         000000
__Hrdata                 rdata        000000
__Hreset_vec             reset_vec    000004
__Hrparam                rparam       000000
__Hsfr                   sfr          000000
__Hsmallconst            smallconst   000000
__Hspace_0               (abs)        000600
__Hspace_1               (abs)        000004
__Hspace_2               (abs)        000000
__Hspace_4               (abs)        60000E
__Hstack                 stack        000000
__Hstruct                struct       000000
__Htemp                  temp         000004
__Htext                  text         000000
__Htext0                 text0        000000
__Htext1                 text1        000000
__Htext2                 text2        000000
__Htext3                 text3        000000
__Htext4                 text4        000000
__Htext5                 text5        000000
__Htext6                 text6        000000
__LRAM                   (abs)        000001
__L__absolute__          __absolute__ 000000
__Labs1                  abs1         000000
__Lbank0                 bank0        000000
__Lbank1                 bank1        000000
__Lbank2                 bank2        000000
__Lbank3                 bank3        000000
__Lbank4                 bank4        000000
__Lbank5                 bank5        000000
__Lbigbss                bigbss       000000
__Lbigdata               bigdata      000000
__Lbigram                bigram       000000
__Lbigsfr                bigsfr       000000
__Lbss                   bss          000000
__LbssCOMRAM             bssCOMRAM    000000
__Lcinit                 cinit        000000
__Lclrtext               clrtext      000000
__Lcomram                comram       000000
__Lconfig                config       000000
__Lconst                 const        000000
__LcstackCOMRAM          cstackCOMRAM 000000
__Ldata                  data         000000
__Leeprom_data           eeprom_data  000000
__Lfarbss                farbss       000000
__Lfardata               fardata      000000
__Lheap                  heap         000000
__Libigdata              ibigdata     000000
__Lidata                 idata        000000
__Lidloc                 idloc        000000
__Lifardata              ifardata     000000
__Linit                  init         0000AE
__Lintcode               intcode      000008
__Lintcode_body          intcode_body 000000
__Lintcodelo             intcodelo    0000AE
__Lintentry              intentry     000000
__Lintret                intret       000000
__Lintsave_regs          intsave_regs 000000
__Lirdata                irdata       000000
__Lmediumconst           mediumconst  000000
__LnvFARRAM              nvFARRAM     000000
__Lnvbit                 nvbit        000000
__Lnvrram                nvrram       000000
__Lparam                 rparam       000000
__Lpowerup               powerup      0000AE
__Lram                   ram          000000
__Lramtop                ramtop       000600
__Lrbit                  rbit         000000
__Lrbss                  rbss         000000
__Lrdata                 rdata        000000
__Lreset_vec             reset_vec    000000
__Lrparam                rparam       000000
__Lsfr                   sfr          000000
__Lsmallconst            smallconst   000000
__Lspace_0               (abs)        000000
__Lspace_1               (abs)        000000
__Lspace_2               (abs)        000000
__Lspace_4               (abs)        000000
__Lstack                 stack        000000
__Lstruct                struct       000000
__Ltemp                  temp         000003
__Ltext                  text         000000
__Ltext0                 text0        000000
__Ltext1                 text1        000000
__Ltext2                 text2        000000
__Ltext3                 text3        000000
__Ltext4                 text4        000000
__Ltext5                 text5        000000
__Ltext6                 text6        000000
__S0                     (abs)        00011A
__S1                     (abs)        000004
__S4                     (abs)        000000
__S5                     (abs)        000000
___heap_hi               (abs)        000000
___heap_lo               (abs)        000000
___inthi_sp              stack        000000
___intlo_sp              stack        000000
___param_bank            (abs)        000000
___rparam_used           (abs)        000001
___sp                    stack        000000
__accesstop              (abs)        000060
__activetblptr           (abs)        000000
__end_of_H_ISR           intcode      0000AE
__end_of_Setup           text1        0000C8
__end_of_SetupINTTMR2    text6        0000DC
__end_of_SetupOscilador  text5        00011A
__end_of_SetupPWM        text4        00010E
__end_of_Setupint        text3        000114
__end_of_Setupports      text2        0000F8
__end_of__initialization cinit        0000E0
__end_of_main            text0        000104
__initialization         cinit        0000DC
__mediumconst            mediumconst  000000
__pbssCOMRAM             bssCOMRAM    000001
__pcinit                 cinit        0000DC
__pcstackCOMRAM          cstackCOMRAM 000000
__pintcode               intcode      000008
__ptext0                 text0        0000F8
__ptext1                 text1        0000B2
__ptext2                 text2        0000EA
__ptext3                 text3        00010E
__ptext4                 text4        000104
__ptext5                 text5        000114
__ptext6                 text6        0000C8
__ramtop                 ramtop       000600
__smallconst             smallconst   000000
_main                    text0        0000F8
btemp                    temp         000003
end_of_initialization    cinit        0000E0
int$flags                temp         000003
intlevel0                text         000000
intlevel1                text         000000
intlevel2                text         000000
intlevel3                text         000000
isa$std                  (abs)        000001
isa$xinst                (abs)        000000
stackhi                  (abs)        000000
stacklo                  (abs)        000000
start                    init         0000AE
start_initialization     cinit        0000DC
ttemp5                   temp         000004
ttemp6                   temp         000007
ttemp7                   temp         00000B
wtemp8                   temp         000004


MODULE INFORMATION

Module		Function		Class		Link	Load	Size
shared
		__initialization		CODE           	00DC	0000	4

shared estimated size: 4

PWM_TMR2_18F45K20.c
		_main          		CODE           	00F8	0000	12

PWM_TMR2_18F45K20.c estimated size: 12

Setup.c
		_SetupOscilador		CODE           	0114	0000	6
		_Setupint      		CODE           	010E	0000	6
		_SetupINTTMR2  		CODE           	00C8	0000	20
		_H_ISR         		CODE           	0008	0000	166
		_Setupports    		CODE           	00EA	0000	14
		_Setup         		CODE           	00B2	0000	22
		_SetupPWM      		CODE           	0104	0000	10

Setup.c estimated size: 244

