MPLINK 5.09, LINKER
Linker Map File - Created Sat Dec 02 00:55:19 2023

                                 Section Info
                  Section       Type    Address   Location Size(Bytes)
                ---------  ---------  ---------  ---------  ---------
                   .org_1       code   0x000000    program   0x000004
                   .cinit    romdata   0x000004    program   0x000002
                     ISRH       code   0x000008    program   0x000004
        interrup_periferi       code   0x00000c    program   0x00000c
                     ISRL       code   0x000018    program   0x000004
             interrup_TMR       code   0x00001c    program   0x000052
                   SETUP_       code   0x00006e    program   0x00002a
          interrupts_code       code   0x000098    program   0x000020
                   Delay_       code   0x0000b8    program   0x00001a
                    main_       code   0x0000d2    program   0x000008
.config_300001_BUILD/DEFAULT/PRODUCTION/TIMER_1    romdata   0x300001    program   0x000001
.config_300002_BUILD/DEFAULT/PRODUCTION/TIMER_1    romdata   0x300002    program   0x000001
.config_300003_BUILD/DEFAULT/PRODUCTION/TIMER_1    romdata   0x300003    program   0x000001
.config_300005_BUILD/DEFAULT/PRODUCTION/TIMER_1    romdata   0x300005    program   0x000001
.config_300006_BUILD/DEFAULT/PRODUCTION/TIMER_1    romdata   0x300006    program   0x000001
.config_300008_BUILD/DEFAULT/PRODUCTION/TIMER_1    romdata   0x300008    program   0x000001
.config_300009_BUILD/DEFAULT/PRODUCTION/TIMER_1    romdata   0x300009    program   0x000001
.config_30000A_BUILD/DEFAULT/PRODUCTION/TIMER_1    romdata   0x30000a    program   0x000001
.config_30000B_BUILD/DEFAULT/PRODUCTION/TIMER_1    romdata   0x30000b    program   0x000001
.config_30000C_BUILD/DEFAULT/PRODUCTION/TIMER_1    romdata   0x30000c    program   0x000001
.config_30000D_BUILD/DEFAULT/PRODUCTION/TIMER_1    romdata   0x30000d    program   0x000001
                   .org_0       code   0xf00000    program   0x000004
                sampleram      udata   0x000060       data   0x000003
              context_ram      udata   0x000063       data   0x000003
                   Setup_      udata   0x000066       data   0x000003
                Delay_ram      udata   0x000069       data   0x000003



                              Program Memory Usage 
                               Start         End      
                           ---------   ---------      
                            0x000000    0x000005      
                            0x000008    0x0000d9      
                            0x300001    0x300003      
                            0x300005    0x300006      
                            0x300008    0x30000d      
                            0xf00000    0xf00003      
            231 out of 33048 program addresses used, program memory utilization is 0%



                              Symbols - Sorted by Name
                     Name    Address   Location    Storage File                     
                ---------  ---------  ---------  --------- ---------                
   CONFIGURACION_INTERRUP   0x00008e    program     static C:\Users\TRABAJO\OneDrive\Escritorio\Distrital\6 Semestre\Tareas\Micros\Lab7_PWM\PWM_LED_45K20.X\setup.asm
                   DATAEE   0xf00000    program     static C:\Users\TRABAJO\OneDrive\Escritorio\Distrital\6 Semestre\Tareas\Micros\Lab7_PWM\PWM_LED_45K20.X\Setup.inc
                 Delay100   0x0000b8    program     extern C:\Users\TRABAJO\OneDrive\Escritorio\Distrital\6 Semestre\Tareas\Micros\Lab7_PWM\PWM_LED_45K20.X\delay.asm
                  Delay_0   0x0000c0    program     static C:\Users\TRABAJO\OneDrive\Escritorio\Distrital\6 Semestre\Tareas\Micros\Lab7_PWM\PWM_LED_45K20.X\delay.asm
                 EXIT_ISR   0x00009e    program     extern C:\Users\TRABAJO\OneDrive\Escritorio\Distrital\6 Semestre\Tareas\Micros\Lab7_PWM\PWM_LED_45K20.X\interrupciones.asm
                 HIGH_ISR   0x000098    program     static C:\Users\TRABAJO\OneDrive\Escritorio\Distrital\6 Semestre\Tareas\Micros\Lab7_PWM\PWM_LED_45K20.X\interrupciones.asm
                ISRconfig   0x0000b6    program     static C:\Users\TRABAJO\OneDrive\Escritorio\Distrital\6 Semestre\Tareas\Micros\Lab7_PWM\PWM_LED_45K20.X\interrupciones.asm
           Interrup_boton   0x000016    program     extern C:\Users\TRABAJO\OneDrive\Escritorio\Distrital\6 Semestre\Tareas\Micros\Lab7_PWM\PWM_LED_45K20.X\interrup_periferico.asm
                  LOW_ISR   0x0000a0    program     static C:\Users\TRABAJO\OneDrive\Escritorio\Distrital\6 Semestre\Tareas\Micros\Lab7_PWM\PWM_LED_45K20.X\interrupciones.asm
                     OSCC   0x00007a    program     static C:\Users\TRABAJO\OneDrive\Escritorio\Distrital\6 Semestre\Tareas\Micros\Lab7_PWM\PWM_LED_45K20.X\setup.asm
               PWM_CONFIG   0x00007e    program     static C:\Users\TRABAJO\OneDrive\Escritorio\Distrital\6 Semestre\Tareas\Micros\Lab7_PWM\PWM_LED_45K20.X\setup.asm
                 RES_VECT   0x000000    program     static C:\Users\TRABAJO\OneDrive\Escritorio\Distrital\6 Semestre\Tareas\Micros\Lab7_PWM\PWM_LED_45K20.X\timer_18F45K20TEMP.ASM
                   Set_up   0x00006e    program     extern C:\Users\TRABAJO\OneDrive\Escritorio\Distrital\6 Semestre\Tareas\Micros\Lab7_PWM\PWM_LED_45K20.X\setup.asm
             _Delay__000A   0x0000c2    program     static C:\Users\TRABAJO\OneDrive\Escritorio\Distrital\6 Semestre\Tareas\Micros\Lab7_PWM\PWM_LED_45K20.X\delay.asm
             _Delay__0014   0x0000cc    program     static C:\Users\TRABAJO\OneDrive\Escritorio\Distrital\6 Semestre\Tareas\Micros\Lab7_PWM\PWM_LED_45K20.X\delay.asm
              _main__0006   0x0000d8    program     static C:\Users\TRABAJO\OneDrive\Escritorio\Distrital\6 Semestre\Tareas\Micros\Lab7_PWM\PWM_LED_45K20.X\timer_18F45K20TEMP.ASM
                      aux   0x00005c    program     static C:\Users\TRABAJO\OneDrive\Escritorio\Distrital\6 Semestre\Tareas\Micros\Lab7_PWM\PWM_LED_45K20.X\interrup_TMR.asm
                     aux2   0x00006a    program     static C:\Users\TRABAJO\OneDrive\Escritorio\Distrital\6 Semestre\Tareas\Micros\Lab7_PWM\PWM_LED_45K20.X\interrup_TMR.asm
                   bajada   0x000060    program     static C:\Users\TRABAJO\OneDrive\Escritorio\Distrital\6 Semestre\Tareas\Micros\Lab7_PWM\PWM_LED_45K20.X\interrup_TMR.asm
                 config_C   0x000086    program     static C:\Users\TRABAJO\OneDrive\Escritorio\Distrital\6 Semestre\Tareas\Micros\Lab7_PWM\PWM_LED_45K20.X\setup.asm
         config_inte_TMR0   0x00001c    program     extern C:\Users\TRABAJO\OneDrive\Escritorio\Distrital\6 Semestre\Tareas\Micros\Lab7_PWM\PWM_LED_45K20.X\interrup_TMR.asm
         config_inte_TMR2   0x000026    program     extern C:\Users\TRABAJO\OneDrive\Escritorio\Distrital\6 Semestre\Tareas\Micros\Lab7_PWM\PWM_LED_45K20.X\interrup_TMR.asm
        config_inte_boton   0x00000c    program     extern C:\Users\TRABAJO\OneDrive\Escritorio\Distrital\6 Semestre\Tareas\Micros\Lab7_PWM\PWM_LED_45K20.X\interrup_periferico.asm
            interrup_TMR2   0x000036    program     extern C:\Users\TRABAJO\OneDrive\Escritorio\Distrital\6 Semestre\Tareas\Micros\Lab7_PWM\PWM_LED_45K20.X\interrup_TMR.asm
                     loop   0x0000d6    program     static C:\Users\TRABAJO\OneDrive\Escritorio\Distrital\6 Semestre\Tareas\Micros\Lab7_PWM\PWM_LED_45K20.X\timer_18F45K20TEMP.ASM
                     main   0x0000d2    program     extern C:\Users\TRABAJO\OneDrive\Escritorio\Distrital\6 Semestre\Tareas\Micros\Lab7_PWM\PWM_LED_45K20.X\timer_18F45K20TEMP.ASM
                   subida   0x000052    program     static C:\Users\TRABAJO\OneDrive\Escritorio\Distrital\6 Semestre\Tareas\Micros\Lab7_PWM\PWM_LED_45K20.X\interrup_TMR.asm
                 BSR_TEMP   0x000065       data     static C:\Users\TRABAJO\OneDrive\Escritorio\Distrital\6 Semestre\Tareas\Micros\Lab7_PWM\PWM_LED_45K20.X\Interrupciones.inc
                 COUNTER1   0x000066       data     extern C:\Users\TRABAJO\OneDrive\Escritorio\Distrital\6 Semestre\Tareas\Micros\Lab7_PWM\PWM_LED_45K20.X\setup.asm
                 COUNTER2   0x000067       data     extern C:\Users\TRABAJO\OneDrive\Escritorio\Distrital\6 Semestre\Tareas\Micros\Lab7_PWM\PWM_LED_45K20.X\setup.asm
                 COUNTER3   0x000068       data     extern C:\Users\TRABAJO\OneDrive\Escritorio\Distrital\6 Semestre\Tareas\Micros\Lab7_PWM\PWM_LED_45K20.X\setup.asm
                   MYVAR1   0x000060       data     static C:\Users\TRABAJO\OneDrive\Escritorio\Distrital\6 Semestre\Tareas\Micros\Lab7_PWM\PWM_LED_45K20.X\Setup.inc
                   MYVAR2   0x000061       data     static C:\Users\TRABAJO\OneDrive\Escritorio\Distrital\6 Semestre\Tareas\Micros\Lab7_PWM\PWM_LED_45K20.X\Setup.inc
                   MYVAR3   0x000062       data     static C:\Users\TRABAJO\OneDrive\Escritorio\Distrital\6 Semestre\Tareas\Micros\Lab7_PWM\PWM_LED_45K20.X\Setup.inc
              STATUS_TEMP   0x000064       data     static C:\Users\TRABAJO\OneDrive\Escritorio\Distrital\6 Semestre\Tareas\Micros\Lab7_PWM\PWM_LED_45K20.X\Interrupciones.inc
                   W_TEMP   0x000063       data     static C:\Users\TRABAJO\OneDrive\Escritorio\Distrital\6 Semestre\Tareas\Micros\Lab7_PWM\PWM_LED_45K20.X\Interrupciones.inc
                       d1   0x000069       data     static C:\Users\TRABAJO\OneDrive\Escritorio\Distrital\6 Semestre\Tareas\Micros\Lab7_PWM\PWM_LED_45K20.X\Delay.inc
                       d2   0x00006a       data     static C:\Users\TRABAJO\OneDrive\Escritorio\Distrital\6 Semestre\Tareas\Micros\Lab7_PWM\PWM_LED_45K20.X\Delay.inc
                       d3   0x00006b       data     static C:\Users\TRABAJO\OneDrive\Escritorio\Distrital\6 Semestre\Tareas\Micros\Lab7_PWM\PWM_LED_45K20.X\Delay.inc



                              Symbols - Sorted by Address
                     Name    Address   Location    Storage File                     
                ---------  ---------  ---------  --------- ---------                
                 RES_VECT   0x000000    program     static C:\Users\TRABAJO\OneDrive\Escritorio\Distrital\6 Semestre\Tareas\Micros\Lab7_PWM\PWM_LED_45K20.X\timer_18F45K20TEMP.ASM
        config_inte_boton   0x00000c    program     extern C:\Users\TRABAJO\OneDrive\Escritorio\Distrital\6 Semestre\Tareas\Micros\Lab7_PWM\PWM_LED_45K20.X\interrup_periferico.asm
           Interrup_boton   0x000016    program     extern C:\Users\TRABAJO\OneDrive\Escritorio\Distrital\6 Semestre\Tareas\Micros\Lab7_PWM\PWM_LED_45K20.X\interrup_periferico.asm
         config_inte_TMR0   0x00001c    program     extern C:\Users\TRABAJO\OneDrive\Escritorio\Distrital\6 Semestre\Tareas\Micros\Lab7_PWM\PWM_LED_45K20.X\interrup_TMR.asm
         config_inte_TMR2   0x000026    program     extern C:\Users\TRABAJO\OneDrive\Escritorio\Distrital\6 Semestre\Tareas\Micros\Lab7_PWM\PWM_LED_45K20.X\interrup_TMR.asm
            interrup_TMR2   0x000036    program     extern C:\Users\TRABAJO\OneDrive\Escritorio\Distrital\6 Semestre\Tareas\Micros\Lab7_PWM\PWM_LED_45K20.X\interrup_TMR.asm
                   subida   0x000052    program     static C:\Users\TRABAJO\OneDrive\Escritorio\Distrital\6 Semestre\Tareas\Micros\Lab7_PWM\PWM_LED_45K20.X\interrup_TMR.asm
                      aux   0x00005c    program     static C:\Users\TRABAJO\OneDrive\Escritorio\Distrital\6 Semestre\Tareas\Micros\Lab7_PWM\PWM_LED_45K20.X\interrup_TMR.asm
                   bajada   0x000060    program     static C:\Users\TRABAJO\OneDrive\Escritorio\Distrital\6 Semestre\Tareas\Micros\Lab7_PWM\PWM_LED_45K20.X\interrup_TMR.asm
                     aux2   0x00006a    program     static C:\Users\TRABAJO\OneDrive\Escritorio\Distrital\6 Semestre\Tareas\Micros\Lab7_PWM\PWM_LED_45K20.X\interrup_TMR.asm
                   Set_up   0x00006e    program     extern C:\Users\TRABAJO\OneDrive\Escritorio\Distrital\6 Semestre\Tareas\Micros\Lab7_PWM\PWM_LED_45K20.X\setup.asm
                     OSCC   0x00007a    program     static C:\Users\TRABAJO\OneDrive\Escritorio\Distrital\6 Semestre\Tareas\Micros\Lab7_PWM\PWM_LED_45K20.X\setup.asm
               PWM_CONFIG   0x00007e    program     static C:\Users\TRABAJO\OneDrive\Escritorio\Distrital\6 Semestre\Tareas\Micros\Lab7_PWM\PWM_LED_45K20.X\setup.asm
                 config_C   0x000086    program     static C:\Users\TRABAJO\OneDrive\Escritorio\Distrital\6 Semestre\Tareas\Micros\Lab7_PWM\PWM_LED_45K20.X\setup.asm
   CONFIGURACION_INTERRUP   0x00008e    program     static C:\Users\TRABAJO\OneDrive\Escritorio\Distrital\6 Semestre\Tareas\Micros\Lab7_PWM\PWM_LED_45K20.X\setup.asm
                 HIGH_ISR   0x000098    program     static C:\Users\TRABAJO\OneDrive\Escritorio\Distrital\6 Semestre\Tareas\Micros\Lab7_PWM\PWM_LED_45K20.X\interrupciones.asm
                 EXIT_ISR   0x00009e    program     extern C:\Users\TRABAJO\OneDrive\Escritorio\Distrital\6 Semestre\Tareas\Micros\Lab7_PWM\PWM_LED_45K20.X\interrupciones.asm
                  LOW_ISR   0x0000a0    program     static C:\Users\TRABAJO\OneDrive\Escritorio\Distrital\6 Semestre\Tareas\Micros\Lab7_PWM\PWM_LED_45K20.X\interrupciones.asm
                ISRconfig   0x0000b6    program     static C:\Users\TRABAJO\OneDrive\Escritorio\Distrital\6 Semestre\Tareas\Micros\Lab7_PWM\PWM_LED_45K20.X\interrupciones.asm
                 Delay100   0x0000b8    program     extern C:\Users\TRABAJO\OneDrive\Escritorio\Distrital\6 Semestre\Tareas\Micros\Lab7_PWM\PWM_LED_45K20.X\delay.asm
                  Delay_0   0x0000c0    program     static C:\Users\TRABAJO\OneDrive\Escritorio\Distrital\6 Semestre\Tareas\Micros\Lab7_PWM\PWM_LED_45K20.X\delay.asm
             _Delay__000A   0x0000c2    program     static C:\Users\TRABAJO\OneDrive\Escritorio\Distrital\6 Semestre\Tareas\Micros\Lab7_PWM\PWM_LED_45K20.X\delay.asm
             _Delay__0014   0x0000cc    program     static C:\Users\TRABAJO\OneDrive\Escritorio\Distrital\6 Semestre\Tareas\Micros\Lab7_PWM\PWM_LED_45K20.X\delay.asm
                     main   0x0000d2    program     extern C:\Users\TRABAJO\OneDrive\Escritorio\Distrital\6 Semestre\Tareas\Micros\Lab7_PWM\PWM_LED_45K20.X\timer_18F45K20TEMP.ASM
                     loop   0x0000d6    program     static C:\Users\TRABAJO\OneDrive\Escritorio\Distrital\6 Semestre\Tareas\Micros\Lab7_PWM\PWM_LED_45K20.X\timer_18F45K20TEMP.ASM
              _main__0006   0x0000d8    program     static C:\Users\TRABAJO\OneDrive\Escritorio\Distrital\6 Semestre\Tareas\Micros\Lab7_PWM\PWM_LED_45K20.X\timer_18F45K20TEMP.ASM
                   DATAEE   0xf00000    program     static C:\Users\TRABAJO\OneDrive\Escritorio\Distrital\6 Semestre\Tareas\Micros\Lab7_PWM\PWM_LED_45K20.X\Setup.inc
                   MYVAR1   0x000060       data     static C:\Users\TRABAJO\OneDrive\Escritorio\Distrital\6 Semestre\Tareas\Micros\Lab7_PWM\PWM_LED_45K20.X\Setup.inc
                   MYVAR2   0x000061       data     static C:\Users\TRABAJO\OneDrive\Escritorio\Distrital\6 Semestre\Tareas\Micros\Lab7_PWM\PWM_LED_45K20.X\Setup.inc
                   MYVAR3   0x000062       data     static C:\Users\TRABAJO\OneDrive\Escritorio\Distrital\6 Semestre\Tareas\Micros\Lab7_PWM\PWM_LED_45K20.X\Setup.inc
                   W_TEMP   0x000063       data     static C:\Users\TRABAJO\OneDrive\Escritorio\Distrital\6 Semestre\Tareas\Micros\Lab7_PWM\PWM_LED_45K20.X\Interrupciones.inc
              STATUS_TEMP   0x000064       data     static C:\Users\TRABAJO\OneDrive\Escritorio\Distrital\6 Semestre\Tareas\Micros\Lab7_PWM\PWM_LED_45K20.X\Interrupciones.inc
                 BSR_TEMP   0x000065       data     static C:\Users\TRABAJO\OneDrive\Escritorio\Distrital\6 Semestre\Tareas\Micros\Lab7_PWM\PWM_LED_45K20.X\Interrupciones.inc
                 COUNTER1   0x000066       data     extern C:\Users\TRABAJO\OneDrive\Escritorio\Distrital\6 Semestre\Tareas\Micros\Lab7_PWM\PWM_LED_45K20.X\setup.asm
                 COUNTER2   0x000067       data     extern C:\Users\TRABAJO\OneDrive\Escritorio\Distrital\6 Semestre\Tareas\Micros\Lab7_PWM\PWM_LED_45K20.X\setup.asm
                 COUNTER3   0x000068       data     extern C:\Users\TRABAJO\OneDrive\Escritorio\Distrital\6 Semestre\Tareas\Micros\Lab7_PWM\PWM_LED_45K20.X\setup.asm
                       d1   0x000069       data     static C:\Users\TRABAJO\OneDrive\Escritorio\Distrital\6 Semestre\Tareas\Micros\Lab7_PWM\PWM_LED_45K20.X\Delay.inc
                       d2   0x00006a       data     static C:\Users\TRABAJO\OneDrive\Escritorio\Distrital\6 Semestre\Tareas\Micros\Lab7_PWM\PWM_LED_45K20.X\Delay.inc
                       d3   0x00006b       data     static C:\Users\TRABAJO\OneDrive\Escritorio\Distrital\6 Semestre\Tareas\Micros\Lab7_PWM\PWM_LED_45K20.X\Delay.inc


